// Jest Snapshot v1, https://goo.gl/fbAQLP

exports[`<Speedup/> test renders correctly 1`] = `
<View
  style={
    Object {
      "flex": 1,
      "flexDirection": "row",
      "justifyContent": "center",
      "padding": 20,
    }
  }
>
  <View
    accessible={true}
    focusable={true}
    isTVSelectable={true}
    onClick={[Function]}
    onResponderGrant={[Function]}
    onResponderMove={[Function]}
    onResponderRelease={[Function]}
    onResponderTerminate={[Function]}
    onResponderTerminationRequest={[Function]}
    onStartShouldSetResponder={[Function]}
    style={
      Object {
        "backgroundColor": "transparent",
        "borderColor": "#fff",
        "borderRadius": 4,
        "borderWidth": 2,
        "height": 30,
        "margin": 10,
        "opacity": 1,
        "padding": 5,
        "width": 40,
      }
    }
  >
    <View
      style={Object {}}
    >
      <Text
        style={
          Object {
            "color": "#fff",
            "textAlign": "center",
          }
        }
      >
        1.0x
      </Text>
    </View>
  </View>
  <View
    accessible={true}
    focusable={true}
    isTVSelectable={true}
    onClick={[Function]}
    onResponderGrant={[Function]}
    onResponderMove={[Function]}
    onResponderRelease={[Function]}
    onResponderTerminate={[Function]}
    onResponderTerminationRequest={[Function]}
    onStartShouldSetResponder={[Function]}
    style={
      Object {
        "backgroundColor": "transparent",
        "borderColor": "#fff",
        "borderRadius": 4,
        "borderWidth": 2,
        "height": 30,
        "margin": 10,
        "opacity": 1,
        "padding": 5,
        "width": 40,
      }
    }
  >
    <View
      style={Object {}}
    >
      <Text
        style={
          Object {
            "color": "#fff",
            "textAlign": "center",
          }
        }
      >
        1.5x
      </Text>
    </View>
  </View>
  <View
    accessible={true}
    focusable={true}
    isTVSelectable={true}
    onClick={[Function]}
    onResponderGrant={[Function]}
    onResponderMove={[Function]}
    onResponderRelease={[Function]}
    onResponderTerminate={[Function]}
    onResponderTerminationRequest={[Function]}
    onStartShouldSetResponder={[Function]}
    style={
      Object {
        "backgroundColor": "transparent",
        "borderColor": "#fff",
        "borderRadius": 4,
        "borderWidth": 2,
        "height": 30,
        "margin": 10,
        "opacity": 1,
        "padding": 5,
        "width": 40,
      }
    }
  >
    <View
      style={Object {}}
    >
      <Text
        style={
          Object {
            "color": "#fff",
            "textAlign": "center",
          }
        }
      >
        2x
      </Text>
    </View>
  </View>
</View>
`;
